src/App.tsx(7,1): error TS6133: 'supabase' is declared but its value is never read.
src/components/admin/BulkImportModal.tsx(3,45): error TS6133: 'AlertCircle' is declared but its value is never read.
src/components/admin/CourseModal.tsx(47,10): error TS2769: No overload matches this call.
  Overload 1 of 2, '(values: RejectExcessProperties<{ created_at?: string | null | undefined; id?: string | undefined; name: string; }, { created_at?: string | null | undefined; id?: string | undefined; name: string; }>, options?: { ...; } | undefined): PostgrestFilterBuilder<...>', gave the following error.
    Argument of type '{ name: string; grade_level: number; teacher_id: string; pricing_type: string; price: number; discounted_price: number; status: string; description: string; }[]' is not assignable to parameter of type 'RejectExcessProperties<{ created_at?: string | null | undefined; id?: string | undefined; name: string; }, { created_at?: string | null | undefined; id?: string | undefined; name: string; }>'.
      Property 'name' is missing in type '{ name: string; grade_level: number; teacher_id: string; pricing_type: string; price: number; discounted_price: number; status: string; description: string; }[]' but required in type '{ created_at?: string | null | undefined; id?: string | undefined; name: string; }'.
  Overload 2 of 2, '(values: RejectExcessProperties<{ created_at?: string | null | undefined; id?: string | undefined; name: string; }, { name: string; grade_level: number; teacher_id: string; pricing_type: string; price: number; discounted_price: number; status: string; description: string; }>[], options?: { ...; } | undefined): PostgrestFilterBuilder<...>', gave the following error.
    Type '{ name: string; grade_level: number; teacher_id: string; pricing_type: string; price: number; discounted_price: number; status: string; description: string; }' is not assignable to type 'RejectExcessProperties<{ created_at?: string | null | undefined; id?: string | undefined; name: string; }, { name: string; grade_level: number; teacher_id: string; pricing_type: string; price: number; discounted_price: number; status: string; description: string; }>'.
      Type '{ name: string; grade_level: number; teacher_id: string; pricing_type: string; price: number; discounted_price: number; status: string; description: string; }' is not assignable to type '{ teacher_id: never; status: never; grade_level: never; description: never; pricing_type: never; price: never; discounted_price: never; }'.
        Types of property 'teacher_id' are incompatible.
          Type 'string' is not assignable to type 'never'.
src/components/admin/ProfileSlideOver.tsx(4,3): error TS6133: 'User' is declared but its value is never read.
src/components/admin/ProfileSlideOver.tsx(5,3): error TS6133: 'MapPin' is declared but its value is never read.
src/components/admin/ProfileSlideOver.tsx(9,3): error TS6133: 'DollarSign' is declared but its value is never read.
src/components/admin/ProfileSlideOver.tsx(10,3): error TS6133: 'History' is declared but its value is never read.
src/components/admin/ProfileSlideOver.tsx(11,3): error TS6133: 'Calendar' is declared but its value is never read.
src/components/admin/ProfileSlideOver.tsx(12,3): error TS6133: 'Lock' is declared but its value is never read.
src/components/admin/ProfileSlideOver.tsx(13,3): error TS6133: 'Unlock' is declared but its value is never read.
src/components/admin/ProfileSlideOver.tsx(27,92): error TS6133: 'onUpdate' is declared but its value is never read.
src/components/admin/ProfileSlideOver.tsx(45,21): error TS2345: Argument of type 'string | null' is not assignable to parameter of type 'string'.
  Type 'null' is not assignable to type 'string'.
src/components/admin/ProfileSlideOver.tsx(49,17): error TS2769: No overload matches this call.
  Overload 1 of 2, '(relation: "academic_years" | "teacher_assignments" | "students" | "profiles" | "classes" | "parents" | "subjects" | "teachers" | "diary" | "fees" | "notifications" | "student_class_history" | "timetable"): PostgrestQueryBuilder<...>', gave the following error.
    Argument of type '"enrollments"' is not assignable to parameter of type '"academic_years" | "teacher_assignments" | "students" | "profiles" | "classes" | "parents" | "subjects" | "teachers" | "diary" | "fees" | "notifications" | "student_class_history" | "timetable"'.
  Overload 2 of 2, '(relation: never): PostgrestQueryBuilder<{ PostgrestVersion: "12"; }, { Tables: { academic_years: { Row: { created_at: string | null; id: string; is_current: boolean | null; year_label: string; }; Insert: { created_at?: string | ... 1 more ... | undefined; id?: string | undefined; is_current?: boolean | ... 1 more ... | undefined; year_label: string; }; Update: { ...; }; Relationships: []; }; ... 11 more ...; timetable: { ...; }; }; Views: {}; Functions: { ...; }; Enums: {}; CompositeTypes: {}; }, never, never, never>', gave the following error.
    Argument of type '"enrollments"' is not assignable to parameter of type 'never'.
src/components/admin/ProfileSlideOver.tsx(51,15): error TS2345: Argument of type '"student_id"' is not assignable to parameter of type '"id"'.
src/components/admin/ProfileSlideOver.tsx(58,29): error TS2345: Argument of type 'string | null' is not assignable to parameter of type 'string'.
  Type 'null' is not assignable to type 'string'.
src/components/admin/ProfileSlideOver.tsx(163,29): error TS2304: Cannot find name 'Key'.
src/components/admin/UserManager.tsx(8,3): error TS6133: 'MoreHorizontal' is declared but its value is never read.
src/components/admin/UserManager.tsx(30,10): error TS6133: 'isProfileOpen' is declared but its value is never read.
src/components/admin/UserManager.tsx(214,19): error TS2304: Cannot find name 'Plus'.
src/components/parent/ParentDiaryView.tsx(10,74): error TS6133: 'childName' is declared but its value is never read.
src/components/parent/ParentFeesView.tsx(3,1): error TS6133: 'CheckCircle2' is declared but its value is never read.
src/components/parent/ParentFeesView.tsx(4,1): error TS6133: 'Users' is declared but its value is never read.
src/components/parent/ParentFeesView.tsx(12,71): error TS6133: 'childName' is declared but its value is never read.
src/pages/admin/Dashboard.tsx(10,3): error TS6133: 'Clock' is declared but its value is never read.
src/pages/admin/Dashboard.tsx(203,60): error TS6133: 'entry' is declared but its value is never read.
src/pages/admin/LectureConsole.tsx(39,23): error TS2769: No overload matches this call.
  Overload 1 of 2, '(relation: "academic_years" | "teacher_assignments" | "students" | "profiles" | "classes" | "parents" | "subjects" | "teachers" | "diary" | "fees" | "notifications" | "student_class_history" | "timetable"): PostgrestQueryBuilder<...>', gave the following error.
    Argument of type '"lectures"' is not assignable to parameter of type '"academic_years" | "teacher_assignments" | "students" | "profiles" | "classes" | "parents" | "subjects" | "teachers" | "diary" | "fees" | "notifications" | "student_class_history" | "timetable"'.
  Overload 2 of 2, '(relation: never): PostgrestQueryBuilder<{ PostgrestVersion: "12"; }, { Tables: { academic_years: { Row: { created_at: string | null; id: string; is_current: boolean | null; year_label: string; }; Insert: { created_at?: string | ... 1 more ... | undefined; id?: string | undefined; is_current?: boolean | ... 1 more ... | undefined; year_label: string; }; Update: { ...; }; Relationships: []; }; ... 11 more ...; timetable: { ...; }; }; Views: {}; Functions: { ...; }; Enums: {}; CompositeTypes: {}; }, never, never, never>', gave the following error.
    Argument of type '"lectures"' is not assignable to parameter of type 'never'.
src/pages/admin/LectureConsole.tsx(55,45): error TS2769: No overload matches this call.
  Overload 1 of 2, '(relation: "academic_years" | "teacher_assignments" | "students" | "profiles" | "classes" | "parents" | "subjects" | "teachers" | "diary" | "fees" | "notifications" | "student_class_history" | "timetable"): PostgrestQueryBuilder<...>', gave the following error.
    Argument of type '"lectures"' is not assignable to parameter of type '"academic_years" | "teacher_assignments" | "students" | "profiles" | "classes" | "parents" | "subjects" | "teachers" | "diary" | "fees" | "notifications" | "student_class_history" | "timetable"'.
  Overload 2 of 2, '(relation: never): PostgrestQueryBuilder<{ PostgrestVersion: "12"; }, { Tables: { academic_years: { Row: { created_at: string | null; id: string; is_current: boolean | null; year_label: string; }; Insert: { created_at?: string | ... 1 more ... | undefined; id?: string | undefined; is_current?: boolean | ... 1 more ... | undefined; year_label: string; }; Update: { ...; }; Relationships: []; }; ... 11 more ...; timetable: { ...; }; }; Views: {}; Functions: { ...; }; Enums: {}; CompositeTypes: {}; }, never, never, never>', gave the following error.
    Argument of type '"lectures"' is not assignable to parameter of type 'never'.
src/pages/admin/StudentConsole.tsx(12,3): error TS6133: 'Calendar' is declared but its value is never read.
src/pages/admin/StudentConsole.tsx(14,3): error TS6133: 'ArrowLeft' is declared but its value is never read.
src/pages/admin/StudentConsole.tsx(16,3): error TS6133: 'Clock' is declared but its value is never read.
src/pages/admin/StudentConsole.tsx(20,3): error TS6133: 'Download' is declared but its value is never read.
src/pages/admin/StudentConsole.tsx(22,3): error TS6133: 'Award' is declared but its value is never read.
src/pages/admin/StudentConsole.tsx(34,10): error TS6133: 'subjects' is declared but its value is never read.
src/pages/admin/StudentConsole.tsx(132,15): error TS2769: No overload matches this call.
  Overload 1 of 2, '(relation: "academic_years" | "teacher_assignments" | "students" | "profiles" | "classes" | "parents" | "subjects" | "teachers" | "diary" | "fees" | "notifications" | "student_class_history" | "timetable"): PostgrestQueryBuilder<...>', gave the following error.
    Argument of type '"results"' is not assignable to parameter of type '"academic_years" | "teacher_assignments" | "students" | "profiles" | "classes" | "parents" | "subjects" | "teachers" | "diary" | "fees" | "notifications" | "student_class_history" | "timetable"'.
  Overload 2 of 2, '(relation: never): PostgrestQueryBuilder<{ PostgrestVersion: "12"; }, { Tables: { academic_years: { Row: { created_at: string | null; id: string; is_current: boolean | null; year_label: string; }; Insert: { created_at?: string | ... 1 more ... | undefined; id?: string | undefined; is_current?: boolean | ... 1 more ... | undefined; year_label: string; }; Update: { ...; }; Relationships: []; }; ... 11 more ...; timetable: { ...; }; }; Views: {}; Functions: { ...; }; Enums: {}; CompositeTypes: {}; }, never, never, never>', gave the following error.
    Argument of type '"results"' is not assignable to parameter of type 'never'.
src/pages/admin/StudentConsole.tsx(134,13): error TS2345: Argument of type '"student_id"' is not assignable to parameter of type '"id"'.
src/pages/admin/StudentConsole.tsx(172,9): error TS2353: Object literal may only specify known properties, and 'current' does not exist in type 'SetStateAction<any[]>'.
src/pages/admin/StudentConsole.tsx(277,9): error TS6133: 'handleMarkPaid' is declared but its value is never read.
src/pages/admin/StudentConsole.tsx(534,33): error TS2367: This comparison appears to be unintentional because the types '{ class_id: string | null; created_at: string | null; id: string; is_locked: boolean | null; name: string; parent_id: string | null; roll_no: string; }' and 'string' have no overlap.
src/pages/admin/StudentFeeCard.tsx(224,38): error TS6133: 'i' is declared but its value is never read.
src/pages/admin/SystemAudit.tsx(4,3): error TS6133: 'ShieldAlert' is declared but its value is never read.
src/pages/admin/SystemAudit.tsx(8,3): error TS6133: 'XCircle' is declared but its value is never read.
src/pages/admin/TeacherConsole.tsx(7,3): error TS6133: 'Plus' is declared but its value is never read.
src/pages/admin/TeacherConsole.tsx(16,3): error TS6133: 'Clock' is declared but its value is never read.
src/pages/admin/TeacherConsole.tsx(19,1): error TS6133: 'supabase' is declared but its value is never read.
src/pages/parent/Dashboard.tsx(7,51): error TS6133: 'Navigate' is declared but its value is never read.
src/pages/parent/Dashboard.tsx(9,1): error TS6133: 'supabase' is declared but its value is never read.
src/pages/parent/Dashboard.tsx(13,3): error TS6133: 'Users' is declared but its value is never read.
src/pages/parent/Dashboard.tsx(14,3): error TS6133: 'BookOpen' is declared but its value is never read.
src/pages/parent/Dashboard.tsx(15,3): error TS6133: 'Calendar' is declared but its value is never read.
src/pages/parent/Dashboard.tsx(16,3): error TS6133: 'CreditCard' is declared but its value is never read.
src/pages/parent/Dashboard.tsx(18,3): error TS6133: 'LayoutDashboard' is declared but its value is never read.
src/pages/parent/Dashboard.tsx(19,3): error TS6133: 'CalendarCheck2' is declared but its value is never read.
src/pages/parent/Dashboard.tsx(20,3): error TS6133: 'User' is declared but its value is never read.
src/pages/parent/Dashboard.tsx(21,3): error TS6133: 'ShieldCheck' is declared but its value is never read.
src/pages/parent/Dashboard.tsx(22,3): error TS6133: 'TrendingUp' is declared but its value is never read.
src/pages/parent/Dashboard.tsx(23,3): error TS6133: 'History' is declared but its value is never read.
src/pages/parent/Dashboard.tsx(24,3): error TS6133: 'Info' is declared but its value is never read.
src/pages/parent/Dashboard.tsx(25,3): error TS6133: 'CheckCircle2' is declared but its value is never read.
src/pages/parent/Dashboard.tsx(47,9): error TS6133: 'location' is declared but its value is never read.
src/pages/teacher/Dashboard.tsx(4,1): error TS6133: 'supabase' is declared but its value is never read.
src/pages/teacher/Dashboard.tsx(7,1): error TS6192: All imports in import declaration are unused.
src/pages/teacher/Dashboard.tsx(42,9): error TS6133: 'navigate' is declared but its value is never read.
src/pages/teacher/Dashboard.tsx(43,9): error TS6133: 'location' is declared but its value is never read.
src/services/schoolService.ts(116,13): error TS2769: No overload matches this call.
  Overload 1 of 2, '(relation: "academic_years" | "teacher_assignments" | "students" | "profiles" | "classes" | "parents" | "subjects" | "teachers" | "diary" | "fees" | "notifications" | "student_class_history" | "timetable"): PostgrestQueryBuilder<...>', gave the following error.
    Argument of type '"attendance"' is not assignable to parameter of type '"academic_years" | "teacher_assignments" | "students" | "profiles" | "classes" | "parents" | "subjects" | "teachers" | "diary" | "fees" | "notifications" | "student_class_history" | "timetable"'.
  Overload 2 of 2, '(relation: never): PostgrestQueryBuilder<{ PostgrestVersion: "12"; }, { Tables: { academic_years: { Row: { created_at: string | null; id: string; is_current: boolean | null; year_label: string; }; Insert: { created_at?: string | ... 1 more ... | undefined; id?: string | undefined; is_current?: boolean | ... 1 more ... | undefined; year_label: string; }; Update: { ...; }; Relationships: []; }; ... 11 more ...; timetable: { ...; }; }; Views: {}; Functions: { ...; }; Enums: {}; CompositeTypes: {}; }, never, never, never>', gave the following error.
    Argument of type '"attendance"' is not assignable to parameter of type 'never'.
src/services/schoolService.ts(118,11): error TS2345: Argument of type '"student_id"' is not assignable to parameter of type '"id"'.
src/services/schoolService.ts(130,13): error TS2769: No overload matches this call.
  Overload 1 of 2, '(relation: "academic_years" | "teacher_assignments" | "students" | "profiles" | "classes" | "parents" | "subjects" | "teachers" | "diary" | "fees" | "notifications" | "student_class_history" | "timetable"): PostgrestQueryBuilder<...>', gave the following error.
    Argument of type '"attendance"' is not assignable to parameter of type '"academic_years" | "teacher_assignments" | "students" | "profiles" | "classes" | "parents" | "subjects" | "teachers" | "diary" | "fees" | "notifications" | "student_class_history" | "timetable"'.
  Overload 2 of 2, '(relation: never): PostgrestQueryBuilder<{ PostgrestVersion: "12"; }, { Tables: { academic_years: { Row: { created_at: string | null; id: string; is_current: boolean | null; year_label: string; }; Insert: { created_at?: string | ... 1 more ... | undefined; id?: string | undefined; is_current?: boolean | ... 1 more ... | undefined; year_label: string; }; Update: { ...; }; Relationships: []; }; ... 11 more ...; timetable: { ...; }; }; Views: {}; Functions: { ...; }; Enums: {}; CompositeTypes: {}; }, never, never, never>', gave the following error.
    Argument of type '"attendance"' is not assignable to parameter of type 'never'.
src/services/schoolService.ts(132,11): error TS2345: Argument of type '"student_id"' is not assignable to parameter of type '"id"'.
src/services/schoolService.ts(219,20): error TS2304: Cannot find name 'user'.
src/services/schoolService.ts(246,11): error TS2345: Argument of type '"password"' is not assignable to parameter of type '"id" | "created_at" | "is_active" | "phone_number" | "role" | "username"'.
src/services/schoolService.ts(262,106): error TS6133: 'metadata' is declared but its value is never read.
src/services/schoolService.ts(270,8): error TS2769: No overload matches this call.
  Overload 1 of 2, '(values: RejectExcessProperties<{ created_at?: string | null | undefined; id: string; is_active?: boolean | null | undefined; phone_number?: string | null | undefined; role: string; username: string; }, { created_at?: string | ... 1 more ... | undefined; ... 4 more ...; username: string; }>, options?: { ...; } | undefined): PostgrestFilterBuilder<...>', gave the following error.
    Object literal may only specify known properties, and 'password' does not exist in type 'RejectExcessProperties<{ created_at?: string | null | undefined; id: string; is_active?: boolean | null | undefined; phone_number?: string | null | undefined; role: string; username: string; }, { created_at?: string | ... 1 more ... | undefined; ... 4 more ...; username: string; }>'.
  Overload 2 of 2, '(values: RejectExcessProperties<{ created_at?: string | null | undefined; id: string; is_active?: boolean | null | undefined; phone_number?: string | null | undefined; role: string; username: string; }, { created_at?: string | ... 1 more ... | undefined; ... 4 more ...; username: string; }>[], options?: { ...; } | undefined): PostgrestFilterBuilder<...>', gave the following error.
    Object literal may only specify known properties, and 'username' does not exist in type 'RejectExcessProperties<{ created_at?: string | null | undefined; id: string; is_active?: boolean | null | undefined; phone_number?: string | null | undefined; role: string; username: string; }, { created_at?: string | ... 1 more ... | undefined; ... 4 more ...; username: string; }>[]'.
src/services/schoolService.ts(470,13): error TS2769: No overload matches this call.
  Overload 1 of 2, '(relation: "academic_years" | "teacher_assignments" | "students" | "profiles" | "classes" | "parents" | "subjects" | "teachers" | "diary" | "fees" | "notifications" | "student_class_history" | "timetable"): PostgrestQueryBuilder<...>', gave the following error.
    Argument of type '"results"' is not assignable to parameter of type '"academic_years" | "teacher_assignments" | "students" | "profiles" | "classes" | "parents" | "subjects" | "teachers" | "diary" | "fees" | "notifications" | "student_class_history" | "timetable"'.
  Overload 2 of 2, '(relation: never): PostgrestQueryBuilder<{ PostgrestVersion: "12"; }, { Tables: { academic_years: { Row: { created_at: string | null; id: string; is_current: boolean | null; year_label: string; }; Insert: { created_at?: string | ... 1 more ... | undefined; id?: string | undefined; is_current?: boolean | ... 1 more ... | undefined; year_label: string; }; Update: { ...; }; Relationships: []; }; ... 11 more ...; timetable: { ...; }; }; Views: {}; Functions: { ...; }; Enums: {}; CompositeTypes: {}; }, never, never, never>', gave the following error.
    Argument of type '"results"' is not assignable to parameter of type 'never'.
src/services/schoolService.ts(473,37): error TS2345: Argument of type '"student_id"' is not assignable to parameter of type '"id"'.
src/services/schoolService.ts(474,37): error TS2345: Argument of type '"subject_id"' is not assignable to parameter of type '"id"'.
src/services/schoolService.ts(483,13): error TS2769: No overload matches this call.
  Overload 1 of 2, '(relation: "academic_years" | "teacher_assignments" | "students" | "profiles" | "classes" | "parents" | "subjects" | "teachers" | "diary" | "fees" | "notifications" | "student_class_history" | "timetable"): PostgrestQueryBuilder<...>', gave the following error.
    Argument of type '"results"' is not assignable to parameter of type '"academic_years" | "teacher_assignments" | "students" | "profiles" | "classes" | "parents" | "subjects" | "teachers" | "diary" | "fees" | "notifications" | "student_class_history" | "timetable"'.
  Overload 2 of 2, '(relation: never): PostgrestQueryBuilder<{ PostgrestVersion: "12"; }, { Tables: { academic_years: { Row: { created_at: string | null; id: string; is_current: boolean | null; year_label: string; }; Insert: { created_at?: string | ... 1 more ... | undefined; id?: string | undefined; is_current?: boolean | ... 1 more ... | undefined; year_label: string; }; Update: { ...; }; Relationships: []; }; ... 11 more ...; timetable: { ...; }; }; Views: {}; Functions: { ...; }; Enums: {}; CompositeTypes: {}; }, never, never, never>', gave the following error.
    Argument of type '"results"' is not assignable to parameter of type 'never'.
src/services/schoolService.ts(495,11): error TS2345: Argument of type '"grade_level"' is not assignable to parameter of type '"id" | "created_at" | "name"'.
